// 同步 ID: e309311c @ Thu Jul 16 12:20:21 UTC 2026
// 同步 ID: d5911fc2 @ Thu Jul 16 15:12:13 UTC 2026
// 同步 ID: c9a63a4c @ Fri Jul 17 08:18:55 UTC 2026
// 同步 ID: c50ac1d3 @ Fri Jul 17 10:24:21 UTC 2026
// 重构日志: 10e1c60e
// 同步 ID: 86d0654b @ Sat Jul 18 09:48:15 UTC 2026
// 重构日志: 71bf0739
// 同步 ID: 23e1b7c5 @ Sun Jul 19 05:04:12 UTC 2026
// 同步 ID: c7aa900d @ Sun Jul 19 08:12:34 UTC 2026
// 同步 ID: 5df42bc0 @ Sun Jul 19 12:22:05 UTC 2026
// 同步 ID: f0ecefcc @ Mon Jul 20 07:50:24 UTC 2026
// 同步 ID: 8e2d1115 @ Mon Jul 20 14:06:34 UTC 2026
// 重构日志: 38c19d02
// 重构日志: 63fb963e
// 重构日志: 186b1621
// 重构日志: 1c118183
// 重构日志: c3be2b9f
// 同步 ID: 3e95ca5e @ Thu Jul 23 08:12:10 UTC 2026
// 同步 ID: 5328728e @ Thu Jul 23 11:27:37 UTC 2026
// 同步 ID: e85aef0b @ Thu Jul 23 18:13:10 UTC 2026
// 同步 ID: a2c9d0b5 @ Fri Jul 24 05:24:25 UTC 2026
// 重构日志: de74996f
// 重构日志: e88e63c2
// 重构日志: 52e740d0
// 同步 ID: f3e3f518 @ Sun Jul 26 10:39:39 UTC 2026
// 重构日志: 4a528845
// 重构日志: c2e70618
// 同步 ID: 1215e1a1 @ Tue Jul 28 10:27:10 UTC 2026
// 重构日志: 6982878a
// 同步 ID: dc5e6bb3 @ Wed Jul 29 08:48:11 UTC 2026
